{| class="wikitable" style="text-align: center; border: none;"
|-
| colspan="2" style="border: none; background: #fff; font-size: 1.15em; vertical-align: baseline; text-align: right;" | '''Replaced by''':
| style=" border: none; background: #fff; vertical-align: baseline; text-align: left;" | 
* {{QB|Q30543192}}
* ''{{QB|Q42567912}}''
| style=" border: none; background: #fff; text-align: left;" | <span style="display: block">[[File:Pictogram voting comment.svg|15px|link=]]&nbsp;<span style="color: #d33; font-weight: bold; vertical-align: middle;">Indirect only</span>&nbsp;<ref>{{PositionHolderHistory/warning_indirect_successor|from=Q42567912|to=Q30533307}}</ref></span>
|-
| colspan="3" style="padding:0.5em; border: none; background: #fff"> |&nbsp;
| colspan="1" style="padding:0.5em; border: none; background: #fff"> |&nbsp;
|-
| style="padding:0.5em 2em" | 
| style="padding:0.5em 2em" | [[File:Peter%20Altmaier1.JPG|75px]]
| style="padding:0.5em 2em" | <span style="font-size: 1.5em; display: block;">{{Q|Q65539}}</span> 2018-03-14 – 
| style="padding:0.5em 2em 0.5em 1em; border: none; background: #fff; text-align: left;" | <span style="display: block">[[File:Pictogram voting comment.svg|15px|link=]]&nbsp;<span style="color: #d33; font-weight: bold; vertical-align: middle;">Inconsistent predecessor</span>&nbsp;<ref>{{Q|Q65539}} has a {{P|1365}} of {{Q|Q60872}}, but follows {{Q|Q57789}} here</ref></span>
|-
| style="padding:0.5em 2em" | 
| style="padding:0.5em 2em" | [[File:Roesler-klein.jpg|75px]]
| style="padding:0.5em 2em" | <span style="font-size: 1.5em; display: block;">{{Q|Q57789}}</span> 2011-05-12 – 2013-12-17
| style="padding:0.5em 2em 0.5em 1em; border: none; background: #fff; text-align: left;" | <span style="display: block">[[File:Pictogram voting comment.svg|15px|link=]]&nbsp;<span style="color: #d33; font-weight: bold; vertical-align: middle;">Missing field</span>&nbsp;<ref>{{Q|Q57789}} is missing {{P|1366}}</ref></span>
|-
| style="padding:0.5em 2em" | 
| style="padding:0.5em 2em" | [[File:2018-05-10%20Rainer%20Br%C3%BCderle-7539.jpg|75px]]
| style="padding:0.5em 2em" | <span style="font-size: 1.5em; display: block;">{{Q|Q495084}}</span> 2009-10-28 – 2011-05-12
| style="padding:0.5em 2em 0.5em 1em; border: none; background: #fff; text-align: left;" | <span style="display: block">[[File:Pictogram voting comment.svg|15px|link=]]&nbsp;<span style="color: #d33; font-weight: bold; vertical-align: middle;">Inconsistent predecessor</span>&nbsp;<ref>{{Q|Q495084}} has a {{P|1365}} of {{Q|Q76924}}, but does not follow anyone here</ref></span>
|-
| colspan="3" style="padding:0.5em; border: none; background: #fff"> |&nbsp;
| colspan="1" style="padding:0.5em; border: none; background: #fff"> |&nbsp;
|-
| colspan="2" style="border: none; background: #fff; font-size: 1.15em; text-align: right;" | '''Position created''':
| style="border: none; background: #fff; text-align: left;" | 
| style="padding:0.5em 2em 0.5em 1em; border: none; background: #fff; text-align: left;" | <span style="display: block">[[File:Pictogram voting comment.svg|15px|link=]]&nbsp;<span style="color: #d33; font-weight: bold; vertical-align: middle;">Missing field</span>&nbsp;<ref>{{PositionHolderHistory/warning_no_inception_date|item=Q30533307}}</ref></span>
|-
| colspan="2" style=" border: none; background: #fff; font-size: 1.15em; text-align: right;" | '''Replaces''':
| style="border: none; background: #fff; text-align: left;" | ''{{QB|Q42567912}}''
| style="padding:0.5em 2em 0.5em 1em; border: none; background: #fff; text-align: left;" | <span style="display: block">[[File:Pictogram voting comment.svg|15px|link=]]&nbsp;<span style="color: #d33; font-weight: bold; vertical-align: middle;">Indirect only</span>&nbsp;<ref>{{PositionHolderHistory/warning_indirect_predecessor|from=Q42567912|to=Q30533307}}</ref></span>
|}

<div style="margin-bottom:5px; border-bottom:3px solid #2f74d0; font-size:8pt">
  <div style="float:right">[https://query.wikidata.org/#%23%20position-mandates%0A%0ASELECT%20DISTINCT%20%3Fordinal%20%3Fitem%20%3Fstart_date%20%3Fstart_precision%20%3Fend_date%20%3Fend_precision%20%3Fprev%20%3Fnext%20%3Fnature%0AWHERE%20%7B%0A%20%20%3Fitem%20wdt%3AP31%20wd%3AQ5%20%3B%20p%3AP39%20%3Fposn%20.%0A%20%20%3Fposn%20ps%3AP39%20wd%3AQ30533307%20.%0A%20%20FILTER%20NOT%20EXISTS%20%7B%20%3Fposn%20wikibase%3Arank%20wikibase%3ADeprecatedRank%20%7D%0A%0A%20%20OPTIONAL%20%7B%20%3Fposn%20pqv%3AP580%20%5B%20wikibase%3AtimeValue%20%3Fstart_date%3B%20wikibase%3AtimePrecision%20%3Fstart_precision%20%5D%20%7D%0A%20%20OPTIONAL%20%7B%20%3Fposn%20pqv%3AP582%20%5B%20wikibase%3AtimeValue%20%3Fend_date%3B%20wikibase%3AtimePrecision%20%3Fend_precision%20%5D%20%7D%0A%20%20OPTIONAL%20%7B%20%3Fposn%20pq%3AP1365%7Cpq%3AP155%20%3Fprev%20%7D%0A%20%20OPTIONAL%20%7B%20%3Fposn%20pq%3AP1366%7Cpq%3AP156%20%3Fnext%20%7D%0A%20%20OPTIONAL%20%7B%20%3Fposn%20pq%3AP1545%20%3Fordinal%20%7D%0A%20%20OPTIONAL%20%7B%20%3Fposn%20pq%3AP5102%20%3Fnature%20%7D%0A%7D%0AORDER%20BY%20DESC%28%3Fstart_date%29%20%3Fitem%0A WDQS]</div>
</div>
{{reflist}}
