== {{Q|Q3657870}} officeholders (1957 / 1969 – 1960 / 1972) ==
{| class="wikitable" style="text-align: center; border: none;"
|-
| colspan="3" style="padding:0.5em 2em; border: none; background: #fff; font-size: 1.25em; text-align: right;" | '''Position abolished''': 1960 / 1972
| style="padding:0.5em 2em 0.5em 1em; border: none; background: #fff; text-align: left;" | <span style="display: block">[[File:Pictogram voting comment.svg|15px|link=]]&nbsp;<span style="color: #d33; font-weight: bold; vertical-align: middle;">Multiple values</span>&nbsp;<ref>{{Q|Q3657870}} has more than one {{P|576}}</ref></span>
|-
| style="padding:0.5em 2em" | 
| style="padding:0.5em 2em" | 
| style="padding:0.5em 2em" | <span style="font-size: 1.5em; display: block;">{{Q|Q51267}}</span> 1969-10-01 – 1972-01-13
| style="padding:0.5em 2em 0.5em 1em; border: none; background: #fff; text-align: left;" | 
|-
| style="padding:0.5em 2em" | 
| style="padding:0.5em 2em" | [[File:The%20National%20Archives%20UK%20-%20CO%201069-50-1.jpg|75px]]
| style="padding:0.5em 2em" | <span style="font-size: 1.5em; display: block;">{{Q|Q8620}}</span> 1957-03-06 – 1960-07-01
| style="padding:0.5em 2em 0.5em 1em; border: none; background: #fff; text-align: left;" | <span style="display: block">[[File:Pictogram voting comment.svg|15px|link=]]&nbsp;<span style="color: #d33; font-weight: bold; vertical-align: middle;">Missing field</span>&nbsp;<ref>{{Q|Q8620}} is missing {{P|1366}}</ref></span>
|-
| colspan="3" style="padding:0.5em 2em; border: none; background: #fff; font-size: 1.25em; text-align: right;" | '''Position created''': 1957 / 1969
| style="padding:0.5em 2em 0.5em 1em; border: none; background: #fff; text-align: left;" | <span style="display: block">[[File:Pictogram voting comment.svg|15px|link=]]&nbsp;<span style="color: #d33; font-weight: bold; vertical-align: middle;">Multiple values</span>&nbsp;<ref>{{Q|Q3657870}} has more than one {{P|571}}</ref></span>
|}

<div style="margin-bottom:5px; border-bottom:3px solid #2f74d0; font-size:8pt">
  <div style="float:right">[https://query.wikidata.org/#%23%20position-mandates%0A%0ASELECT%20DISTINCT%20%3Fordinal%20%3Fitem%20%3Fstart_date%20%3Fstart_precision%20%3Fend_date%20%3Fend_precision%20%3Fprev%20%3Fnext%20%3Fnature%0AWHERE%20%7B%0A%20%20%3Fitem%20wdt%3AP31%20wd%3AQ5%20%3B%20p%3AP39%20%3Fposn%20.%0A%20%20%3Fposn%20ps%3AP39%20wd%3AQ3657870%20.%0A%20%20FILTER%20NOT%20EXISTS%20%7B%20%3Fposn%20wikibase%3Arank%20wikibase%3ADeprecatedRank%20%7D%0A%0A%20%20OPTIONAL%20%7B%20%3Fposn%20pqv%3AP580%20%5B%20wikibase%3AtimeValue%20%3Fstart_date%3B%20wikibase%3AtimePrecision%20%3Fstart_precision%20%5D%20%7D%0A%20%20OPTIONAL%20%7B%20%3Fposn%20pqv%3AP582%20%5B%20wikibase%3AtimeValue%20%3Fend_date%3B%20wikibase%3AtimePrecision%20%3Fend_precision%20%5D%20%7D%0A%20%20OPTIONAL%20%7B%20%3Fposn%20pq%3AP1365%7Cpq%3AP155%20%3Fprev%20%7D%0A%20%20OPTIONAL%20%7B%20%3Fposn%20pq%3AP1366%7Cpq%3AP156%20%3Fnext%20%7D%0A%20%20OPTIONAL%20%7B%20%3Fposn%20pq%3AP1545%20%3Fordinal%20%7D%0A%20%20OPTIONAL%20%7B%20%3Fposn%20pq%3AP5102%20%3Fnature%20%7D%0A%7D%0AORDER%20BY%20DESC%28%3Fstart_date%29%20%3Fitem%0A WDQS]</div>
</div>
{{reflist}}
