== {{Q|Q56761097}} officeholders (1922 – ) ==
{| class="wikitable" style="text-align: center; border: none;"
|-
| style="padding:0.5em 2em" | 14.
| style="padding:0.5em 2em" | 
| style="padding:0.5em 2em" | <span style="font-size: 1.5em; display: block;">{{Q|Q56811093}}</span> 2016 – 
| style="padding:0.5em 2em 0.5em 1em; border: none; background: #fff; text-align: left;" | 
|-
| style="padding:0.5em 2em" | 13.
| style="padding:0.5em 2em" | 
| style="padding:0.5em 2em" | <span style="font-size: 1.5em; display: block;">{{Q|Q56849411}}</span> 2012 – 2016
| style="padding:0.5em 2em 0.5em 1em; border: none; background: #fff; text-align: left;" | 
|-
| style="padding:0.5em 2em" | 12.
| style="padding:0.5em 2em" | 
| style="padding:0.5em 2em" | <span style="font-size: 1.5em; display: block;">{{Q|Q5451086}}</span> 2009 – 2012
| style="padding:0.5em 2em 0.5em 1em; border: none; background: #fff; text-align: left;" | 
|-
| style="padding:0.5em 2em" | 11.
| style="padding:0.5em 2em" | 
| style="padding:0.5em 2em" | <span style="font-size: 1.5em; display: block;">{{Q|Q5493700}}</span> 2006 – 2009
| style="padding:0.5em 2em 0.5em 1em; border: none; background: #fff; text-align: left;" | 
|-
| style="padding:0.5em 2em" | 10.
| style="padding:0.5em 2em" | [[File:Richard%20Jones%20in%202017.jpg|75px]]
| style="padding:0.5em 2em" | <span style="font-size: 1.5em; display: block;">{{Q|Q7326923}}</span> 2003-10 – 2006
| style="padding:0.5em 2em 0.5em 1em; border: none; background: #fff; text-align: left;" | 
|-
| style="padding:0.5em 2em" | 9.
| style="padding:0.5em 2em" | [[File:David%20Landsman%20at%20Horasis%20Global%20India%20Business%20Meeting%202014.jpg|75px]]
| style="padding:0.5em 2em" | <span style="font-size: 1.5em; display: block;">{{Q|Q4271289}}</span> 2001-07 – 2003
| style="padding:0.5em 2em 0.5em 1em; border: none; background: #fff; text-align: left;" | <span style="display: block">[[File:Pictogram voting comment.svg|15px|link=]]&nbsp;<span style="color: #d33; font-weight: bold; vertical-align: middle;">Date precision</span>&nbsp;<ref>{{Q|Q4271289}} has a {{P|582}} of 2003, which may overlap with the {{P|580}} of 2003-10 for {{Q|Q7326923}}</ref></span>
|-
| style="padding:0.5em 2em" | 8.
| style="padding:0.5em 2em" | 
| style="padding:0.5em 2em" | <span style="font-size: 1.5em; display: block;">{{Q|Q57833757}}</span> 1999-03 – 2001
| style="padding:0.5em 2em 0.5em 1em; border: none; background: #fff; text-align: left;" | <span style="display: block">[[File:Pictogram voting comment.svg|15px|link=]]&nbsp;<span style="color: #d33; font-weight: bold; vertical-align: middle;">Date precision</span>&nbsp;<ref>{{Q|Q57833757}} has a {{P|582}} of 2001, which may overlap with the {{P|580}} of 2001-07 for {{Q|Q4271289}}</ref></span>
|-
| style="padding:0.5em 2em" | 7.
| style="padding:0.5em 2em" | 
| style="padding:0.5em 2em" | <span style="font-size: 1.5em; display: block;">{{Q|Q7610080}}</span> 1998-05 – 1999
| style="padding:0.5em 2em 0.5em 1em; border: none; background: #fff; text-align: left;" | <span style="display: block">[[File:Pictogram voting comment.svg|15px|link=]]&nbsp;<span style="color: #d33; font-weight: bold; vertical-align: middle;">Date precision</span>&nbsp;<ref>{{Q|Q7610080}} has a {{P|582}} of 1999, which may overlap with the {{P|580}} of 1999-03 for {{Q|Q57833757}}</ref></span>
|-
| style="padding:0.5em 2em" | 6.
| style="padding:0.5em 2em" | 
| style="padding:0.5em 2em" | <span style="font-size: 1.5em; display: block;">{{Q|Q4758701}}</span> 1996 – 1998
| style="padding:0.5em 2em 0.5em 1em; border: none; background: #fff; text-align: left;" | <span style="display: block">[[File:Pictogram voting comment.svg|15px|link=]]&nbsp;<span style="color: #d33; font-weight: bold; vertical-align: middle;">Date precision</span>&nbsp;<ref>{{Q|Q4758701}} has a {{P|582}} of 1998, which may overlap with the {{P|580}} of 1998-05 for {{Q|Q7610080}}</ref></span>
|-
| style="padding:0.5em 2em" | 5.
| style="padding:0.5em 2em" | 
| style="padding:0.5em 2em" | <span style="font-size: 1.5em; display: block;">{{Q|Q507012}}</span> 1936-09-25 – 1939
| style="padding:0.5em 2em 0.5em 1em; border: none; background: #fff; text-align: left;" | 
|-
| style="padding:0.5em 2em" | 4.
| style="padding:0.5em 2em" | 
| style="padding:0.5em 2em" | <span style="font-size: 1.5em; display: block;">{{Q|Q4498747}}</span> 1928 – 1936
| style="padding:0.5em 2em 0.5em 1em; border: none; background: #fff; text-align: left;" | <span style="display: block">[[File:Pictogram voting comment.svg|15px|link=]]&nbsp;<span style="color: #d33; font-weight: bold; vertical-align: middle;">Date precision</span>&nbsp;<ref>{{Q|Q4498747}} has a {{P|582}} of 1936, which may overlap with the {{P|580}} of 1936-09-25 for {{Q|Q507012}}</ref></span>
|-
| style="padding:0.5em 2em" | 3.
| style="padding:0.5em 2em" | [[File:Sir%20William%20Seeds.jpg|75px]]
| style="padding:0.5em 2em" | <span style="font-size: 1.5em; display: block;">{{Q|Q868351}}</span> 1926-09-17 – 1928
| style="padding:0.5em 2em 0.5em 1em; border: none; background: #fff; text-align: left;" | 
|-
| style="padding:0.5em 2em" | 2.
| style="padding:0.5em 2em" | 
| style="padding:0.5em 2em" | <span style="font-size: 1.5em; display: block;">{{Q|Q8008409}}</span> 1926 – 1926
| style="padding:0.5em 2em 0.5em 1em; border: none; background: #fff; text-align: left;" | <span style="display: block">[[File:Pictogram voting comment.svg|15px|link=]]&nbsp;<span style="color: #d33; font-weight: bold; vertical-align: middle;">Date precision</span>&nbsp;<ref>{{Q|Q8008409}} has a {{P|582}} of 1926, which may overlap with the {{P|580}} of 1926-09-17 for {{Q|Q868351}}</ref></span>
|-
| style="padding:0.5em 2em" | 1.
| style="padding:0.5em 2em" | 
| style="padding:0.5em 2em" | <span style="font-size: 1.5em; display: block;">{{Q|Q15995878}}</span> 1922 – 1926
| style="padding:0.5em 2em 0.5em 1em; border: none; background: #fff; text-align: left;" | 
|-
| colspan="2" style="border: none; background: #fff; font-size: 1.15em; text-align: right;" | '''Position created''':
| style="border: none; background: #fff; text-align: left;" | 1922
| style="padding:0.5em 2em 0.5em 1em; border: none; background: #fff; text-align: left;" | 
|}

<div style="margin-bottom:5px; border-bottom:3px solid #2f74d0; font-size:8pt">
  <div style="float:right">[https://query.wikidata.org/#%23%20position-mandates%0A%0ASELECT%20DISTINCT%20%3Fordinal%20%3Fitem%20%3Fstart_date%20%3Fstart_precision%20%3Fend_date%20%3Fend_precision%20%3Fprev%20%3Fnext%20%3Fnature%0AWHERE%20%7B%0A%20%20%3Fitem%20wdt%3AP31%20wd%3AQ5%20%3B%20p%3AP39%20%3Fposn%20.%0A%20%20%3Fposn%20ps%3AP39%20wd%3AQ56761097%20.%0A%20%20FILTER%20NOT%20EXISTS%20%7B%20%3Fposn%20wikibase%3Arank%20wikibase%3ADeprecatedRank%20%7D%0A%0A%20%20OPTIONAL%20%7B%20%3Fposn%20pqv%3AP580%20%5B%20wikibase%3AtimeValue%20%3Fstart_date%3B%20wikibase%3AtimePrecision%20%3Fstart_precision%20%5D%20%7D%0A%20%20OPTIONAL%20%7B%20%3Fposn%20pqv%3AP582%20%5B%20wikibase%3AtimeValue%20%3Fend_date%3B%20wikibase%3AtimePrecision%20%3Fend_precision%20%5D%20%7D%0A%20%20OPTIONAL%20%7B%20%3Fposn%20pq%3AP1365%7Cpq%3AP155%20%3Fprev%20%7D%0A%20%20OPTIONAL%20%7B%20%3Fposn%20pq%3AP1366%7Cpq%3AP156%20%3Fnext%20%7D%0A%20%20OPTIONAL%20%7B%20%3Fposn%20pq%3AP1545%20%3Fordinal%20%7D%0A%20%20OPTIONAL%20%7B%20%3Fposn%20pq%3AP5102%20%3Fnature%20%7D%0A%7D%0AORDER%20BY%20DESC%28%3Fstart_date%29%20%3Fitem%0A WDQS]</div>
</div>
{{reflist}}
