{| class="wikitable" style="text-align: center; border: none;"
|-
| colspan="2" style="border: none; background: #fff; font-size: 1.15em; text-align: right;" | '''Position abolished''':
| style="border: none; background: #fff; text-align: left;" | 1945
| style="border: none; background: #fff; text-align: left;" | 
|-
| colspan="3" style="padding:0.5em; border: none; background: #fff"> |&nbsp;
| colspan="1" style="padding:0.5em; border: none; background: #fff"> |&nbsp;
|-
| style="padding:0.5em 2em" | 
| style="padding:0.5em 2em" | [[File:David%20Grenfell.jpg|75px]]
| style="padding:0.5em 2em" | <span style="font-size: 1.5em; display: block;">{{Q|Q5234398}}</span> 1940-05-15 – 1945
| style="padding:0.5em 2em 0.5em 1em; border: none; background: #fff; text-align: left;" | 
|-
| style="padding:0.5em 2em" | 
| style="padding:0.5em 2em" | 
| style="padding:0.5em 2em" | <span style="font-size: 1.5em; display: block;">{{Q|Q3101091}}</span> 1939-04-21 – 1940-05-15
| style="padding:0.5em 2em 0.5em 1em; border: none; background: #fff; text-align: left;" | 
|-
| style="padding:0.5em 2em" | 
| style="padding:0.5em 2em" | [[File:Crookshank1932.png|75px]]
| style="padding:0.5em 2em" | <span style="font-size: 1.5em; display: block;">{{Q|Q333345}}</span> 1935-06-18 – 1939-04-21
| style="padding:0.5em 2em 0.5em 1em; border: none; background: #fff; text-align: left;" | 
|-
| style="padding:0.5em 2em" | 
| style="padding:0.5em 2em" | [[File:The%20Rt.%20Hon%20Ernest%20Brown%20Minister%20of%20Labour%20and%20National%20Service%2C%201939-1940%20%28Art.IWM%20ART%20LD%20153%29.jpg|75px]]
| style="padding:0.5em 2em" | <span style="font-size: 1.5em; display: block;">{{Q|Q5392836}}</span> 1932-09-30 – 1935-06-18
| style="padding:0.5em 2em 0.5em 1em; border: none; background: #fff; text-align: left;" | 
|-
| style="padding:0.5em 2em" | 
| style="padding:0.5em 2em" | 
| style="padding:0.5em 2em" | <span style="font-size: 1.5em; display: block;">{{Q|Q6076320}}</span> 1931-09-03 – 1932-09-30
| style="padding:0.5em 2em 0.5em 1em; border: none; background: #fff; text-align: left;" | 
|-
| style="padding:0.5em 2em" | 
| style="padding:0.5em 2em" | [[File:Emanuel%20Shinwel%20HU%20059765.jpg|75px]]
| style="padding:0.5em 2em" | <span style="font-size: 1.5em; display: block;">{{Q|Q333582}}</span> 1930-06-05 – 1931-09-03
| style="padding:0.5em 2em 0.5em 1em; border: none; background: #fff; text-align: left;" | 
|-
| style="padding:0.5em 2em" | 
| style="padding:0.5em 2em" | [[File:Sir%20Ben%20Turner.jpg|75px]]
| style="padding:0.5em 2em" | <span style="font-size: 1.5em; display: block;">{{Q|Q4886592}}</span> 1929-06-01 – 1930-06-05
| style="padding:0.5em 2em 0.5em 1em; border: none; background: #fff; text-align: left;" | 
|-
| style="padding:0.5em 2em" | 
| style="padding:0.5em 2em" | [[File:Douglas%20King.jpg|75px]]
| style="padding:0.5em 2em" | <span style="font-size: 1.5em; display: block;">{{Q|Q5301689}}</span> 1928-01-13 – 1929-06-01
| style="padding:0.5em 2em 0.5em 1em; border: none; background: #fff; text-align: left;" | 
|-
| style="padding:0.5em 2em" | 
| style="padding:0.5em 2em" | [[File:George%20Richard%20Lane-Fox.jpg|75px]]
| style="padding:0.5em 2em" | <span style="font-size: 1.5em; display: block;">{{Q|Q5541526}}</span> 1924-11-11 – 1928-01-13
| style="padding:0.5em 2em 0.5em 1em; border: none; background: #fff; text-align: left;" | 
|-
| style="padding:0.5em 2em" | 
| style="padding:0.5em 2em" | [[File:Emanuel%20Shinwel%20HU%20059765.jpg|75px]]
| style="padding:0.5em 2em" | <span style="font-size: 1.5em; display: block;">{{Q|Q333582}}</span> 1924-01-23 – 1924-11-11
| style="padding:0.5em 2em 0.5em 1em; border: none; background: #fff; text-align: left;" | 
|-
| style="padding:0.5em 2em" | 
| style="padding:0.5em 2em" | [[File:George%20Richard%20Lane-Fox.jpg|75px]]
| style="padding:0.5em 2em" | <span style="font-size: 1.5em; display: block;">{{Q|Q5541526}}</span> 1922-11-06 – 1924-01-23
| style="padding:0.5em 2em 0.5em 1em; border: none; background: #fff; text-align: left;" | 
|-
| style="padding:0.5em 2em" | 
| style="padding:0.5em 2em" | [[File:William%20Bridgeman%2C%201st%20Viscount%20Bridgeman.png|75px]]
| style="padding:0.5em 2em" | <span style="font-size: 1.5em; display: block;">{{Q|Q5586304}}</span> 1920-08-22 – 1922-11-06
| style="padding:0.5em 2em 0.5em 1em; border: none; background: #fff; text-align: left;" | 
|-
| colspan="3" style="padding:0.5em; border: none; background: #fff"> |&nbsp;
| colspan="1" style="padding:0.5em; border: none; background: #fff"> |&nbsp;
|-
| colspan="2" style="border: none; background: #fff; font-size: 1.15em; text-align: right;" | '''Position created''':
| style="border: none; background: #fff; text-align: left;" | 1920-08-22
| style="padding:0.5em 2em 0.5em 1em; border: none; background: #fff; text-align: left;" | 
|}

<div style="margin-bottom:5px; border-bottom:3px solid #2f74d0; font-size:8pt">
  <div style="float:right">[https://query.wikidata.org/#%23%20position-mandates%0A%0ASELECT%20DISTINCT%20%3Fordinal%20%3Fitem%20%3Fstart_date%20%3Fstart_precision%20%3Fend_date%20%3Fend_precision%20%3Fprev%20%3Fnext%20%3Fnature%0AWHERE%20%7B%0A%20%20%3Fitem%20wdt%3AP31%20wd%3AQ5%20%3B%20p%3AP39%20%3Fposn%20.%0A%20%20%3Fposn%20ps%3AP39%20wd%3AQ7444267%20.%0A%20%20FILTER%20NOT%20EXISTS%20%7B%20%3Fposn%20wikibase%3Arank%20wikibase%3ADeprecatedRank%20%7D%0A%0A%20%20OPTIONAL%20%7B%20%3Fposn%20pqv%3AP580%20%5B%20wikibase%3AtimeValue%20%3Fstart_date%3B%20wikibase%3AtimePrecision%20%3Fstart_precision%20%5D%20%7D%0A%20%20OPTIONAL%20%7B%20%3Fposn%20pqv%3AP582%20%5B%20wikibase%3AtimeValue%20%3Fend_date%3B%20wikibase%3AtimePrecision%20%3Fend_precision%20%5D%20%7D%0A%20%20OPTIONAL%20%7B%20%3Fposn%20pq%3AP1365%7Cpq%3AP155%20%3Fprev%20%7D%0A%20%20OPTIONAL%20%7B%20%3Fposn%20pq%3AP1366%7Cpq%3AP156%20%3Fnext%20%7D%0A%20%20OPTIONAL%20%7B%20%3Fposn%20pq%3AP1545%20%3Fordinal%20%7D%0A%20%20OPTIONAL%20%7B%20%3Fposn%20pq%3AP5102%20%3Fnature%20%7D%0A%7D%0AORDER%20BY%20DESC%28%3Fstart_date%29%20DESC%28%3Fend_date%29%20DESC%28%3Fordinal%29%20%3Fitem%0A WDQS]</div>
</div>
{{reflist}}
