{| class="wikitable" style="text-align: center; border: none;"
|-
| style="padding:0.5em 2em" | 58.
| style="padding:0.5em 2em" | [[File:Official%20portrait%20of%20Sir%20Jeffrey%20M.%20Donaldson%20crop%202.jpg|75px]]
| style="padding:0.5em 2em" | <span style="font-size: 1.5em; display: block;">{{Q|Q300292}}</span> 2019-12-12 – 
| style="padding:0.5em 1em" | {{Q|Q215519}}
| style="padding:0.5em 2em 0.5em 1em; border: none; background: #fff; text-align: left;" | 
|-
| style="padding:0.5em 2em" | 57.
| style="padding:0.5em 2em" | [[File:Official%20portrait%20of%20Sir%20Jeffrey%20M.%20Donaldson%20crop%202.jpg|75px]]
| style="padding:0.5em 2em" | <span style="font-size: 1.5em; display: block;">{{Q|Q300292}}</span> 2017-06-08 – 2019-11-06
| style="padding:0.5em 1em" | {{Q|Q215519}}
| style="padding:0.5em 2em 0.5em 1em; border: none; background: #fff; text-align: left;" | 
|-
| style="padding:0.5em 2em" | 56.
| style="padding:0.5em 2em" | [[File:Official%20portrait%20of%20Sir%20Jeffrey%20M.%20Donaldson%20crop%202.jpg|75px]]
| style="padding:0.5em 2em" | <span style="font-size: 1.5em; display: block;">{{Q|Q300292}}</span> 2015-05-07 – 2017-05-03
| style="padding:0.5em 1em" | {{Q|Q215519}}
| style="padding:0.5em 2em 0.5em 1em; border: none; background: #fff; text-align: left;" | 
|-
| style="padding:0.5em 2em" | 55.
| style="padding:0.5em 2em" | [[File:Official%20portrait%20of%20Sir%20Jeffrey%20M.%20Donaldson%20crop%202.jpg|75px]]
| style="padding:0.5em 2em" | <span style="font-size: 1.5em; display: block;">{{Q|Q300292}}</span> 2010-05-06 – 2015-03-30
| style="padding:0.5em 1em" | {{Q|Q215519}}
| style="padding:0.5em 2em 0.5em 1em; border: none; background: #fff; text-align: left;" | 
|-
| style="padding:0.5em 2em" | 54.
| style="padding:0.5em 2em" | [[File:Official%20portrait%20of%20Sir%20Jeffrey%20M.%20Donaldson%20crop%202.jpg|75px]]
| style="padding:0.5em 2em" | <span style="font-size: 1.5em; display: block;">{{Q|Q300292}}</span> 2005-05-05 – 2010-04-12
| style="padding:0.5em 1em" | {{Q|Q215519}}
| style="padding:0.5em 2em 0.5em 1em; border: none; background: #fff; text-align: left;" | 
|-
| style="padding:0.5em 2em" | 53.
| style="padding:0.5em 2em" | [[File:Official%20portrait%20of%20Sir%20Jeffrey%20M.%20Donaldson%20crop%202.jpg|75px]]
| style="padding:0.5em 2em" | <span style="font-size: 1.5em; display: block;">{{Q|Q300292}}</span> 2004-01-05 – 2005-04-11
| style="padding:0.5em 1em" | {{Q|Q215519}}
| style="padding:0.5em 2em 0.5em 1em; border: none; background: #fff; text-align: left;" | 
|-
| style="padding:0.5em 2em" | 53.
| style="padding:0.5em 2em" | [[File:Official%20portrait%20of%20Sir%20Jeffrey%20M.%20Donaldson%20crop%202.jpg|75px]]
| style="padding:0.5em 2em" | <span style="font-size: 1.5em; display: block;">{{Q|Q300292}}</span> 2003-06-23 – 2004-01-04
| style="padding:0.5em 1em" | {{Q|Q327591}}
| style="padding:0.5em 2em 0.5em 1em; border: none; background: #fff; text-align: left;" | 
|-
| style="padding:0.5em 2em" | 53.
| style="padding:0.5em 2em" | [[File:Official%20portrait%20of%20Sir%20Jeffrey%20M.%20Donaldson%20crop%202.jpg|75px]]
| style="padding:0.5em 2em" | <span style="font-size: 1.5em; display: block;">{{Q|Q300292}}</span> 2001-06-07 – 2003-06-22
| style="padding:0.5em 1em" | {{Q|Q841045}}
| style="padding:0.5em 2em 0.5em 1em; border: none; background: #fff; text-align: left;" | 
|-
| style="padding:0.5em 2em" | 52.
| style="padding:0.5em 2em" | [[File:Official%20portrait%20of%20Sir%20Jeffrey%20M.%20Donaldson%20crop%202.jpg|75px]]
| style="padding:0.5em 2em" | <span style="font-size: 1.5em; display: block;">{{Q|Q300292}}</span> 1997-05-01 – 2001-05-14
| style="padding:0.5em 1em" | {{Q|Q841045}}
| style="padding:0.5em 2em 0.5em 1em; border: none; background: #fff; text-align: left;" | <span style="display: block">[[File:Pictogram voting comment.svg|15px|link=]]&nbsp;<span style="color: #d33; font-weight: bold; vertical-align: middle;">Missing field</span>&nbsp;<ref>{{Q|Q300292}} is missing {{P|1365}}</ref></span>
|-
| style="padding:0.5em 2em" | 51.
| style="padding:0.5em 2em" | 
| style="padding:0.5em 2em" | <span style="font-size: 1.5em; display: block;">{{Q|Q1680843}}</span> 1992-04-09 – 1997-04-08
| style="padding:0.5em 1em" | {{Q|Q841045}}
| style="padding:0.5em 2em 0.5em 1em; border: none; background: #fff; text-align: left;" | <span style="display: block">[[File:Pictogram voting comment.svg|15px|link=]]&nbsp;<span style="color: #d33; font-weight: bold; vertical-align: middle;">Missing field</span>&nbsp;<ref>{{Q|Q1680843}} is missing {{P|1366}}</ref></span>
|-
| style="padding:0.5em 2em" | 50.
| style="padding:0.5em 2em" | 
| style="padding:0.5em 2em" | <span style="font-size: 1.5em; display: block;">{{Q|Q1680843}}</span> 1987-06-11 – 1992-03-16
| style="padding:0.5em 1em" | {{Q|Q841045}}
| style="padding:0.5em 2em 0.5em 1em; border: none; background: #fff; text-align: left;" | 
|-
| style="padding:0.5em 2em" | 49.
| style="padding:0.5em 2em" | 
| style="padding:0.5em 2em" | <span style="font-size: 1.5em; display: block;">{{Q|Q1680843}}</span> 1986-01-23 – 1987-05-18
| style="padding:0.5em 1em" | {{Q|Q841045}}
| style="padding:0.5em 2em 0.5em 1em; border: none; background: #fff; text-align: left;" | 
|-
| style="padding:0.5em 2em" | 49.
| style="padding:0.5em 2em" | 
| style="padding:0.5em 2em" | <span style="font-size: 1.5em; display: block;">{{Q|Q1680843}}</span> 1983-06-09 – 1985-12-17
| style="padding:0.5em 1em" | {{Q|Q841045}}
| style="padding:0.5em 2em 0.5em 1em; border: none; background: #fff; text-align: left;" | 
|-
| colspan="2" style="border: none; background: #fff; font-size: 1.15em; text-align: right;" | '''Position created''':
| style="border: none; background: #fff; text-align: left;" | 1983-06-09
| style="padding:0.5em 2em 0.5em 1em; border: none; background: #fff; text-align: left;" | 
|}

<div style="margin-bottom:5px; border-bottom:3px solid #2f74d0; font-size:8pt">
  <div style="float:right">[https://query.wikidata.org/#%23%20constituency-mandates%0A%0ASELECT%20DISTINCT%20%3Fstatement%20%3Fordinal%20%3Fitem%20%3Fstart_date%20%3Fstart_precision%20%3Fend_date%20%3Fend_precision%20%3Fparty%20%3Fprev%20%3Fnext%20%3Fterm%0AWHERE%20%7B%0A%20%20%3Fitem%20wdt%3AP31%20wd%3AQ5%20%3B%20p%3AP39%20%3Fstatement%20.%0A%20%20%3Fstatement%20pq%3AP768%20wd%3AQ751651%20.%0A%20%20FILTER%20NOT%20EXISTS%20%7B%20%3Fstatement%20wikibase%3Arank%20wikibase%3ADeprecatedRank%20%7D%0A%0A%20%20OPTIONAL%20%7B%20%3Fstatement%20pqv%3AP580%20%5B%20wikibase%3AtimeValue%20%3Fstart_date%3B%20wikibase%3AtimePrecision%20%3Fstart_precision%20%5D%20%7D%0A%20%20OPTIONAL%20%7B%20%3Fstatement%20pqv%3AP582%20%5B%20wikibase%3AtimeValue%20%3Fend_date%3B%20wikibase%3AtimePrecision%20%3Fend_precision%20%5D%20%7D%0A%20%20OPTIONAL%20%7B%20%3Fstatement%20pq%3AP1365%20%3Fprev%20%7D%0A%20%20OPTIONAL%20%7B%20%3Fstatement%20pq%3AP1366%20%3Fnext%20%7D%0A%20%20OPTIONAL%20%7B%20%3Fstatement%20pq%3AP4100%20%3Fparty%20%7D%0A%20%20OPTIONAL%20%7B%0A%20%20%20%20%3Fstatement%20pq%3AP2937%20%3Fterm%20.%0A%20%20%20%20OPTIONAL%20%7B%20%3Fterm%20p%3AP31%2Fpq%3AP1545%20%3Fordinal%20%7D%0A%20%20%7D%0A%7D%0AORDER%20BY%20DESC%28%3Fstart_date%29%20%3Fitem%0A WDQS]</div>
</div>
{{reflist}}
